// Jest Snapshot v1, https://goo.gl/fbAQLP

exports[`Test provider 1`] = `[Function]`;
